// Jest Snapshot v1, https://goo.gl/fbAQLP

exports[`FulfillmentItem renders correctly 1`] = `
<
  style={
    Object {
      "alignItems": "center",
      "backgroundColor": "white",
      "flexDirection": "column",
      "justifyContent": "space-between",
      "marginTop": -1,
      "paddingBottom": 8,
      "paddingLeft": 16,
      "paddingRight": 16,
      "paddingTop": 8,
    }
  }
>
  <
    style={
      Object {
        "flexDirection": "row",
      }
    }
  >
    <
      style={
        Object {
          "flex": 1,
        }
      }
    >
      <
        accessible={true}
        allowFontScaling={true}
        disabled={false}
        ellipsizeMode="tail"
        style={
          Object {
            "color": "black",
            "fontSize": 16,
            "fontWeight": "bold",
          }
        }
      >
        x
        1
      </>
    </>
    <
      style={
        Object {
          "flex": 5,
        }
      }
    >
      <
        accessible={true}
        allowFontScaling={true}
        disabled={false}
        ellipsizeMode="tail"
        style={
          Object {
            "color": "black",
            "fontSize": 16,
          }
        }
      >
        title
      </>
      <
        style={
          Object {
            "marginTop": 5,
          }
        }
      />
    </>
    <
      style={
        Object {
          "alignItems": "flex-end",
          "flex": 2,
        }
      }
    >
      <
        accessible={true}
        allowFontScaling={true}
        disabled={false}
        ellipsizeMode="tail"
        style={
          Object {
            "color": "black",
            "fontSize": 16,
          }
        }
      >
        100
      </>
    </>
  </>
</>
`;
